---
source: tests/sqls.rs
expression: "run_on_database(include_str!(\"./sqls/manager_views.sql\"))"
---
BEGIN;
INSERT INTO managers (
    id,
    revision,
    password,
    totp_secret,
    token_id
)
VALUES
(0, 1, "$argon2id$v=19$m=16384,t=2,p=1$qVCwm62QuWspang5MhiGyQ$Dahon8dFYEQztNSqgPCB/kwr/jvR4UXXHyAjHocC/+WFzV8lI4Sc0nYmqYP/wcOCymUWVeX5hfgQyFaDd0xUNA", X'31313131', 1),
(0, 2, "$argon2id$v=19$m=16384,t=2,p=1$It6mOT1+lI6GwQxp/M4vTw$9kWA2nlEqjMO9r6U+VLvg5dp54mtgTDWome01vKwxi8HgenvBrhUfJZgDgBZarIcHv4qBSnmy45TsSMW8bQ5vg", X'31313131', 1),
(0, 3, "$argon2id$v=19$m=16384,t=2,p=1$It6mOT1+lI6GwQxp/M4vTw$9kWA2nlEqjMO9r6U+VLvg5dp54mtgTDWome01vKwxi8HgenvBrhUfJZgDgBZarIcHv4qBSnmy45TsSMW8bQ5vg", X'31313132', 1),

(1, 1, "$argon2id$v=19$m=16384,t=2,p=1$OxX3WVG8ofcnSQaI2M64bw$QxS0lA5CiKCDk4AUIjtfi9/96vKPX2yXKwls8fLWV3UbhUzC7EFFYPDHtgFeyd+kA/FkGRvCdbUC0Vtw2qu2GA", X'36373839', 1);

SELECT * FROM managers_latest;
_id  id  revision  password                                                      totp_secret  token_id
---  --  --------  ------------------------------------------------------------  -----------  --------
3    0   3         $argon2id$v=19$m=16384,t=2,p=1$It6mOT1+lI6GwQxp/M4vTw$9kWA2n  1112         1       
                   lEqjMO9r6U+VLvg5dp54mtgTDWome01vKwxi8HgenvBrhUfJZgDgBZarIcHv                       
                   4qBSnmy45TsSMW8bQ5vg                                                               

4    1   1         $argon2id$v=19$m=16384,t=2,p=1$OxX3WVG8ofcnSQaI2M64bw$QxS0lA  6789         1       
                   5CiKCDk4AUIjtfi9/96vKPX2yXKwls8fLWV3UbhUzC7EFFYPDHtgFeyd+kA/                       
                   FkGRvCdbUC0Vtw2qu2GA                                                               
SELECT * FROM managers;
_id  id  revision  password                                                      totp_secret  token_id
---  --  --------  ------------------------------------------------------------  -----------  --------
1    0   1         $argon2id$v=19$m=16384,t=2,p=1$qVCwm62QuWspang5MhiGyQ$Dahon8  1111         1       
                   dFYEQztNSqgPCB/kwr/jvR4UXXHyAjHocC/+WFzV8lI4Sc0nYmqYP/wcOCym                       
                   UWVeX5hfgQyFaDd0xUNA                                                               

2    0   2         $argon2id$v=19$m=16384,t=2,p=1$It6mOT1+lI6GwQxp/M4vTw$9kWA2n  1111         1       
                   lEqjMO9r6U+VLvg5dp54mtgTDWome01vKwxi8HgenvBrhUfJZgDgBZarIcHv                       
                   4qBSnmy45TsSMW8bQ5vg                                                               

3    0   3         $argon2id$v=19$m=16384,t=2,p=1$It6mOT1+lI6GwQxp/M4vTw$9kWA2n  1112         1       
                   lEqjMO9r6U+VLvg5dp54mtgTDWome01vKwxi8HgenvBrhUfJZgDgBZarIcHv                       
                   4qBSnmy45TsSMW8bQ5vg                                                               

4    1   1         $argon2id$v=19$m=16384,t=2,p=1$OxX3WVG8ofcnSQaI2M64bw$QxS0lA  6789         1       
                   5CiKCDk4AUIjtfi9/96vKPX2yXKwls8fLWV3UbhUzC7EFFYPDHtgFeyd+kA/                       
                   FkGRvCdbUC0Vtw2qu2GA                                                               
ROLLBACK;

.quit
