---
source: tests/sqls.rs
expression: "run_on_database(include_str!(\"./sqls/user_views.sql\"))"
---
BEGIN;
INSERT INTO users 
    (id, revision, is_deleted, token_id, file_capacity)
VALUES
    (1,  1,        false,      1,        null),
    (1,  2,        false,      1,        2000000000),
    (1,  3,        true,       1,        2000000000),

    (2,  1,        false,      1,        null),
    (2,  2,        false,      1,        null),
    (2,  3,        false,      1,        null),

    (3,  1,        false,      1,        null),

    (4,  1,        true,       1,        null);

SELECT * FROM users_latest;
_id  id  revision  is_deleted  token_id  wechat_openid  file_capacity
---  --  --------  ----------  --------  -------------  -------------
6    2   3         0           1                                     
7    3   1         0           1                                     
SELECT * FROM users_latest_deleted;
_id  id  revision  is_deleted  token_id  wechat_openid  file_capacity
---  --  --------  ----------  --------  -------------  -------------
3    1   3         1           1                        2000000000   
8    4   1         1           1                                     
SELECT * FROM users;
_id  id  revision  is_deleted  token_id  wechat_openid  file_capacity
---  --  --------  ----------  --------  -------------  -------------
1    1   1         0           1                                     
2    1   2         0           1                        2000000000   
3    1   3         1           1                        2000000000   
4    2   1         0           1                                     
5    2   2         0           1                                     
6    2   3         0           1                                     
7    3   1         0           1                                     
8    4   1         1           1                                     
ROLLBACK;

.quit
